marker	sequence	total	forward	reverse	flags
D12S391	CAGAGAGAAAGAATCAACAGGATCAATGGATGCATAGG(1)TAGA(13)CAGA(5)TGAGAGGGGATTTATTAGAGGAATTAGCTCAAGTGATATGGAGGCTGAAAAATCTCATGACAGTCCATCTGCAAGCTGGAGACCCAGGGACACTA(1)	1424	1424	1	
D12S391	CAGAGAGAAAGAATCAACAGGATCAATGGATGCATAGG(1)TAGA(12)CAGA(7)TGAGAGGGGATTTATTAGAGGAATTAGCTCAAGTGATATGGAGGCTGAAAAATCTCATGACAGTCCATCTGCAAGCTGGAGACCCAGGGACACTA(1)	1310	1310	1	
D12S391	Other sequences	523	523	1	
D12S391	CAGAGAGAAAGAATCAACAGGATCAATGGATGCATAGG(1)TAGA(11)CAGA(7)TGAGAGGGGATTTATTAGAGGAATTAGCTCAAGTGATATGGAGGCTGAAAAATCTCATGACAGTCCATCTGCAAGCTGGAGACCCAGGGACACTA(1)	229	229	1	
D12S391	CAGAGAGAAAGAATCAACAGGATCAATGGATGCATAGG(1)TAGA(12)CAGA(5)TGAGAGGGGATTTATTAGAGGAATTAGCTCAAGTGATATGGAGGCTGAAAAATCTCATGACAGTCCATCTGCAAGCTGGAGACCCAGGGACACTA(1)	185	185	1	STUTTER:213.6x1(2-1)
D12S391	CAGAGAGAAAGAATCAACAGGATCAATGGATGCATAGG(1)TAGA(12)CAGA(6)TGAGAGGGGATTTATTAGAGGAATTAGCTCAAGTGATATGGAGGCTGAAAAATCTCATGACAGTCCATCTGCAAGCTGGAGACCCAGGGACACTA(1)	91	91	1	STUTTER:8.5x1(2-1x3+1):196.5x2(3-1):1.4x4(2+1x3-1):7.4x5(3+1)
D12S391	CAGAGAGAAAGAATCAACAGGATCAATGGATGCATAGG(1)TAGA(13)CAGA(6)TGAGAGGGGATTTATTAGAGGAATTAGCTCAAGTGATATGGAGGCTGAAAAATCTCATGACAGTCCATCTGCAAGCTGGAGACCCAGGGACACTA(1)	25	25	1	STUTTER:57.0x1(3+1):7.9x2(2+1x3-1):0.3x5(2+1x3+1):3.6x6(2+1)
D12S391	CAGAGAGAAAGAATCAACAGGATCAATGGATGCATAGG(1)TAGA(11)CAGA(5)TGAGAGGGGATTTATTAGAGGAATTAGCTCAAGTGATATGGAGGCTGAAAAATCTCATGACAGTCCATCTGCAAGCTGGAGACCCAGGGACACTA(1)	21	21	1	STUTTER:27.8x5(2-1):2.0x6(2-1x3-1)
D12S391	CAGAGAGAAAGAATCAACAGGATCAATGGATGCATAGG(1)TAGA(14)CAGA(4)TGAGAGGGGATTTATTAGAGGAATTAGCTCAAGTGATATGGAGGCTGAAAAATCTCATGACAGTCCATCTGCAAGCTGGAGACCCAGGGACACTA(1)	20	20	1	
D12S391	CAGAGAGAAAGAATCAACAGGATCAATGGATGCATAGG(1)TAGA(14)CAGA(5)TGAGAGGGGATTTATTAGAGGAATTAGCTCAAGTGATATGGAGGCTGAAAAATCTCATGACAGTCCATCTGCAAGCTGGAGACCCAGGGACACTA(1)	17	17	1	STUTTER:57.0x1(2+1):0.1x7(2+1x3-1):0.8x9(3+1)
D12S391	CAGAGAGAAAGAATCAACAGGATCAATGGATGCATAGG(1)TAGA(13)CAGA(4)TGAGAGGGGATTTATTAGAGGAATTAGCTCAAGTGATATGGAGGCTGAAAAATCTCATGACAGTCCATCTGCAAGCTGGAGACCCAGGGACACTA(1)	13	13	1	STUTTER:213.6x1(3-1):1.1x5(2+1x3-1):3.0x9(2-1):0.4x10(2-1x3-1)
D12S391	CAGAGAGAAAGAATCAACAGGATCAATGGATGCATAGG(1)TAGA(11)CAGA(6)TGAGAGGGGATTTATTAGAGGAATTAGCTCAAGTGATATGGAGGCTGAAAAATCTCATGACAGTCCATCTGCAAGCTGGAGACCCAGGGACACTA(1)	10	10	1	STUTTER:29.5x2(2-1x3-1):34.4x4(3-1):1.1x5(2-1x3+1):13.7x6(2-1):0.8x8(3+1)
D12S391	CAGAGAGAAAGAATCAACAGGATCAATGGATGCATAGG(1)TAGA(13)CAGA(5)TGAGAGGGGATTTATTAGAGGAATTAGCTCAAGTGATATGGAGGCTGAAAAATCTCATGACAGTCCATCTGCAAGCTGGAGACCCAGGCACACTA(1)	9	9	1	
D12S391	CAGAGAGAAAGAATCAACAGGATCAATGGATGCATAGG(1)TAGA(10)CAGA(7)TGAGAGGGGATTTATTAGAGGAATTAGCTCAAGTGATATGGAGGCTGAAAAATCTCATGACAGTCCATCTGCAAGCTGGAGACCCAGGGACACTA(1)	9	9	1	STUTTER:34.4x4(2-1)
D12S391	CAGAGAGAAAGAATCAACAGGATCAATGGATGCATAGG(1)TAGA(13)CAGA(3)TAGA(1)CAGA(1)TGAGAGGGGATTTATTAGAGGAATTAGCTCAAGTGATATGGAGGCTGAAAAATCTCATGACAGTCCATCTGCAAGCTGGAGACCCAGGGACACTA(1)	8	8	1	
D12S391	CAGAGAGAAAGAATCAACAGGATCAATGGATGCATAGG(1)TAGA(13)CAGA(7)TGAGAGGGGATTTATTAGAGGAATTAGCTCAAGTGATATGGAGGCTGAAAAATCTCATGACAGTCCATCTGCAAGCTGGAGACCCAGGGACACTA(1)	6	6	1	STUTTER:52.4x2(2+1):0.1x6(2+1x3+1):1.0x7(3+1)
D12S391	CAGAGAGAAAGAATCAACAGGATCAATGGATGCATAGG(1)TAGA(12)CAGA(7)TGAGAGGGGATTTATTAGAGGAATTAGCTCAAGTGATATGGAGGCTGAAAAATCTCATGACAGTCCATCTGCAAGCTGGAGACCCAGGGACACCA(1)	6	6	1	
D12S391	CAGAGAGAAAGAATCAACAGGATCAATGGATGCATAGG(1)TAGA(12)CAGA(7)TGAGAGGGGATTTATTAGAGGAATTAGCTCAAGTGATATGGAGGCTGAAAAATCTCATGACAGTCCATCTGCAAGCTGGAGACCCAGGGACACTC(1)	5	5	1	
D13S317	TCTGACCCATCTAACGCCTATCTGTATTTACAAATACAT(1)TATC(14)AATC(1)ATCT(3)TTCTGTCTGTCTTTTTGGG(1)	2048	1	2048	
D13S317	TCTGACCCATCTAACGCCTATCTGTATTTACAAATACAT(1)TATC(8)AATC(2)ATCT(3)TTCTGTCTGTCTTTTTGGG(1)	1745	1	1745	
D13S317	Other sequences	374	1	374	
D13S317	TCTGACCCATCTAACGCCTATCTGTATTTACAAATACAT(1)TATC(13)AATC(1)ATCT(3)TTCTGTCTGTCTTTTTGGG(1)	99	1	99	STUTTER:307.2x19(2-1)
D13S317	TCTGACCCATCTAACGCCTATCTGTATTTACAAATACAT(1)TATC(7)AATC(2)ATCT(3)TTCTGTCTGTCTTTTTGGG(1)	17	1	17	STUTTER:261.8x20(2-1)
D13S317	TCTGACCCATCTAACGCCTATCTGTATTTACAAATACAT(1)TATC(13)AATC(2)ATCT(3)TTCTGTCTGTCTTTTTGGG(1)	13	1	13	
D13S317	TCTGACCCATCTAACGCCTATCTGTATTTACAAATACAT(1)TATC(15)AATC(1)ATCT(3)TTCTGTCTGTCTTTTTGGG(1)	11	1	11	STUTTER:81.9x19(2+1)
D13S317	TCTGACCCATCTAACGCCTATCTGTATTTACAAATACAT(1)TATC(14)AATC(1)ATCT(1)ACCT(1)ATCT(1)TTCTGTCTGTCTTTTTGGG(1)	11	1	11	
D13S317	TCTGACCCATCTAACGCCTATCTGTATTTACAAATACAT(1)TATC(8)AATC(2)ATCT(3)TTCTGTCTGTCTTTTGGG(1)	11	1	11	
D13S317	TCTGACCCATCTAACGCCTATCTGTATTTACAAATACAT(1)TATC(14)AATC(1)ATCT(3)TTCTGTCTGTCTTTTTGGA(1)	7	1	7	
D13S317	TCTGACCCATCTAACGCCTATCTGTATTTACAAATACAT(1)TATC(8)AATC(2)ATCT(3)TTCTGTCTGTCTTTTTGGA(1)	6	1	6	
D13S317	TCTGACCCATCTAACGCCTATCTGTATTTACAAATACAT(1)TATC(7)AATC(3)ATCT(3)TTCTGTCTGTCTTTTTGGG(1)	6	1	6	
D13S317	TCTGACCCATCTAACGACTATCTGTATTTACAAATACAT(1)TATC(14)AATC(1)ATCT(3)TTCTGTCTGTCTTTTTGGG(1)	6	1	6	
D13S317	TCTGACCCATCTAACGCCTATCTGTATTTACAAATACAT(1)TATC(4)CATC(1)TATC(3)AATC(2)ATCT(3)TTCTGTCTGTCTTTTTGGG(1)	5	1	5	
D18S51	GTCTCA(1)GAAA(12)A(1)AG(4)GAAA(2)GAGAAAAAGAAAAGAAATAGTAGCAACTGTTATTGTAAGA(1)	2672	2672	1	
D18S51	GTCTCA(1)GAAA(13)A(1)AG(4)GAAA(2)GAGAAAAAGAAAAGAAATAGTAGCAACTGTTATTGTAAGA(1)	2595	2595	1	
D18S51	Other sequences	414	414	1	
D18S51	GTCTCA(1)GAAA(11)A(1)AG(4)GAAA(2)GAGAAAAAGAAAAGAAATAGTAGCAACTGTTATTGTAAGA(1)	176	176	1	STUTTER:400.8x33(2-1)
D18S51	GTCTCA(1)GAAA(14)A(1)AG(4)GAAA(2)GAGAAAAAGAAAAGAAATAGTAGCAACTGTTATTGTAAGA(1)	11	11	1	STUTTER:103.8x34(2+1)
D18S51	GTCTCA(1)GAAA(10)A(1)AG(4)GAAA(2)GAGAAAAAGAAAAGAAATAGTAGCAACTGTTATTGTAAGA(1)	9	9	1	STUTTER:26.4x36(2-1)
D18S51	GTCCCA(1)GAAA(12)A(1)AG(4)GAAA(2)GAGAAAAAGAAAAGAAATAGTAGCAACTGTTATTGTAAGA(1)	7	7	1	
D18S51	GTCTCA(1)GAAA(12)AGG(1)AG(3)GAAA(2)GAGAAAAAGAAAAGAAATAGTAGCAACTGTTATTGTAAGA(1)	6	6	1	
D1S1656	TTCAGAGAAATAGAATCACTAGGGAACCAAATATATATACATACAATTAA(1)AC(6)CTAT(12)CAT(1)CTAT(3)CT(1)	552	552	1	
D1S1656	TTCAGAGAAATAGAATCACTAGGGAACCAAATATATATACATACAATTAA(1)AC(6)CTAT(13)CAT(1)CTAT(3)CT(1)	310	310	1	
D1S1656	Other sequences	85	85	1	
D1S1656	TTCAGAGAAATAGAATCACTAGGGAACCAAATATATATACATACAATTAA(1)AC(6)CTAT(11)CAT(1)CTAT(3)CT(1)	25	25	1	STUTTER:82.8x41(3-1)
D1S1656	TTCAGAGAAATAGAATCACTAGGGAACCAAATATATATACATACAATTAA(1)AC(6)CTAT(10)CAT(1)CTAT(3)CT(1)	5	5	1	
D6S1043	AGATGGCATATTGTGAAATTTCTCAGCTTCCATAATTGTATGAGCCACTTCCCATAATAAATC(1)CTAT(11)CTGATCTATCAATCTATTGATC(1)	4874	1	4874	
D6S1043	Other sequences	390	1	390	
D6S1043	AGATGGCATATTGTGAAATTTCTCAGCTTCCATAATTGTATGAGCCACTTCCCATAATAAATC(1)CTAT(10)CTGATCTATCAATCTATTGATC(1)	294	1	294	STUTTER:731.1x46(2-1)
D6S1043	AGATGGCATATTGTGAAATTTCTCAGCTTCCATAATTGTATGAGCCACTTCCCATAATAAATC(1)CTAT(12)CTGATCTATCAATCTATTGATC(1)	75	1	75	STUTTER:195.0x46(2+1)
D6S1043	AGATGACATATTGTGAAATTTCTCAGCTTCCATAATTGTATGAGCCACTTCCCATAATAAATC(1)CTAT(11)CTGATCTATCAATCTATTGATC(1)	15	1	15	
D6S1043	AGATGGCATATTGTGAAATTTCTCAGCTACCATAATTGTATGAGCCACTTCCCATAATAAATC(1)CTAT(11)CTGATCTATCAATCTATTGATC(1)	14	1	14	
D6S1043	AGATGGCATATTGTGAAATTTCTCAGCTTCCATAATTGTATGAGTCACTTCCCATAATAAATC(1)CTAT(11)CTGATCTATCAATCTATTGATC(1)	10	1	10	
D6S1043	AGATGGTATATTGTGAAATTTCTCAGCTTCCATAATTGTATGAGCCACTTCCCATAATAAATC(1)CTAT(11)CTGATCTATCAATCTATTGATC(1)	9	1	9	
D6S1043	AGATGGCATATTGTGAAATTTCTCAGCTTCCATAATTGTATGAGCCACTTCCCATAATAAATC(1)CTAT(9)CTGATCTATCAATCTATTGATC(1)	9	1	9	STUTTER:44.1x48(2-1)
D6S1043	AGATGGCATATTGTGAAATTTCTCAGCTTCCATAATTGTATGAGCCACTTCACATAATAAATC(1)CTAT(11)CTGATCTATCAATCTATTGATC(1)	8	1	8	
D6S1043	AGATGGCATATTGTGAAATTTCTCAGCTCCCATAATTGTATGAGCCACTTCCCATAATAAATC(1)CTAT(11)CTGATCTATCAATCTATTGATC(1)	7	1	7	
D6S1043	AGATGGCATATTATGAAATTTCTCAGCTTCCATAATTGTATGAGCCACTTCCCATAATAAATC(1)CTAT(11)CTGATCTATCAATCTATTGATC(1)	7	1	7	
D6S1043	AGATGGCATATTGTGAAATTTCTCGGCTTCCATAATTGTATGAGCCACTTCCCATAATAAATC(1)CTAT(11)CTGATCTATCAATCTATTGATC(1)	6	1	6	
D6S1043	AGATGGCATATTGTGAAATTTCTCAGCTTCCATAATTGTATGAGCCACTTCCCATAATAAATC(1)CTAT(10)CTGTCTGATCTATCAATCTATTGATC(1)	6	1	6	
D6S1043	AGATGGCATATTGTGAAATTTCTCAGCTTCCATAATTGTATGAACCACTTCCCATAATAAATC(1)CTAT(11)CTGATCTATCAATCTATTGATC(1)	6	1	6	
D6S1043	AGATGGCATATTGTGAAATTTCTCAGCTTCCATAATTGTATGAGCCACTTCCCATAATAAATC(1)CTAT(2)CCAT(1)CTAT(8)CTGATCTATCAATCTATTGATC(1)	5	1	5	
FGA	CCAGCAAA(1)AAAG(2)GAAG(1)AAAG(1)GAAG(2)GAG(1)AAAG(14)AGAAA(1)AAAG(3)AAACTAGCTTGTAAATATGC(1)	3276	3276	3276	
FGA	CCAGCAAA(1)AAAG(2)GAAG(1)AAAG(1)GAAG(2)GAG(1)AAAG(17)AGAAA(1)AAAG(3)AAACTAGCTTGTAAATATGC(1)	3176	3176	3176	
FGA	Other sequences	755	755	755	
FGA	CCAGCAAA(1)AAAG(2)GAAG(1)AAAG(1)GAAG(2)GAG(1)AAAG(16)AGAAA(1)AAAG(3)AAACTAGCTTGTAAATATGC(1)	670	670	670	
FGA	CCAGCAAA(1)AAAG(2)GAAG(1)AAAG(1)GAAG(2)GAG(1)AAAG(13)AGAAA(1)AAAG(3)AAACTAGCTTGTAAATATGC(1)	417	417	417	STUTTER:491.4x62(7-1)
FGA	CCAGCAAA(1)AAAG(2)GAAG(1)AAAG(1)GAAG(2)GAG(1)AAAG(15)AGAAA(1)AAAG(3)AAACTAGCTTGTAAATATGC(1)	87	87	87	STUTTER:131.0x62(7+1):100.5x65(7-1)
FGA	CCAGCAAA(1)AAAG(2)GAAG(1)AAAG(1)GAAG(2)GAG(1)AAAG(12)AGAAA(1)AAAG(3)AAACTAGCTTGTAAATATGC(1)	36	36	36	STUTTER:62.5x66(7-1)
FGA	CCAGCAAA(1)AAAG(2)GAAG(1)AAAG(1)GAAG(2)GAG(1)AAAG(18)AGAAA(1)AAAG(3)AAACTAGCTTGTAAATATGC(1)	27	27	27	STUTTER:127.0x63(7+1)
FGA	CCAGCAAA(1)AAAG(2)GAAG(1)AAAG(1)GAAG(2)GAGTAAG(1)AAAG(13)AGAAA(1)AAAG(3)AAACTAGCTTGTAAATATGC(1)	16	16	16	
FGA	CCAGCAAA(1)AAAG(2)GAAG(1)AAAG(1)GAAG(2)GAG(1)AAAG(14)AGAAA(1)AAAG(3)AAACTAGCTTGTAAATATAC(1)	7	7	7	
FGA	CCAACAAA(1)AAAG(2)GAAG(1)AAAG(1)GAAG(2)GAG(1)AAAG(17)AGAAA(1)AAAG(3)AAACTAGCTTGTAAATATGC(1)	6	6	6	
FGA	CCAGCAAA(1)AAAG(2)GCAG(1)AAAG(1)GAAG(2)GAG(1)AAAG(17)AGAAA(1)AAAG(3)AAACTAGCTTGTAAATATGC(1)	5	5	5	
FGA	CCAGCAAA(1)AAAG(2)GAAG(1)AAAG(1)GAAG(2)GAG(1)AAAG(14)AGAAA(1)AAAG(3)AAACTAGCTTGTAAATATGT(1)	5	5	5	
FGA	CCAGCAAA(1)AAAG(2)GAAG(1)AAAG(1)GAAG(2)GAG(1)AAAG(16)TAAGAGAAA(1)AAAG(3)AAACTAGCTTGTAAATATGC(1)	5	5	5	
