marker	sequence	total	forward	reverse	flags
D12S391	CAGAGAGAAAGAATCAACAGGATCAATGGATGCATAGG(1)TAGA(13)CAGA(6)TGAGAGGGGATTTATTAGAGGAATTAGCTCAAGTGATATGGAGGCTGAAAAATCTCATGACAGTCCATCTGCAAGCTGGAGACCCAGGGACACTA(1)	1574	1574	1	
D12S391	Other sequences	324	324	1	
D12S391	CAGAGAGAAAGAATCAACAGGATCAATGGATGCATAGG(1)TAGA(12)CAGA(6)TGAGAGGGGATTTATTAGAGGAATTAGCTCAAGTGATATGGAGGCTGAAAAATCTCATGACAGTCCATCTGCAAGCTGGAGACCCAGGGACACTA(1)	276	276	1	
D12S391	CAGAGAGAAAGAATCAACAGGATCAATGGATGCATAGG(1)TAGA(13)CAGA(6)TGAGAGGGGATTTATTAGAGGAATTAGCTCAAGTGATATGGAGGCTGAAAAATCTCATGACAGTCCATCTGCAAGCTGGAGACCCAGGTACACTA(1)	42	42	1	
D12S391	CAGAGAGAAAGAATCAACAGGATCAATGGATGCATAGG(1)TAGA(14)CAGA(7)CGAGAGGGGATTTATTAGAGGAATTAGCTCAAGTGATATGGAGGCTGAAAAATCTCATGACAGTCCATCTGCAAGCTGGAGACCCAGGGACACTA(1)	27	27	1	
D12S391	CAGAGAGAAAGAATCAACAGGATCAATGGATGCATAGG(1)TAGA(14)CAGA(5)TGAGAGGGGATTTATTAGAGGAATTAGCTCAAGTGATATGGAGGCTGAAAAATCTCATGACAGTCCATCTGCAAGCTGGAGACCCAGGGACACTA(1)	25	25	1	
D12S391	CAGAGAGAAAGAATCAACAGGATCAATGGATGCATAGG(1)TAGA(13)CAGA(5)TGAGAGGGGATTTATTAGAGGAATTAGCTCAAGTGATATGGAGGCTGAAAAATCTCATGACAGTCCATCTGCAAGCTGGAGACCCAGGGACACTA(1)	25	25	1	STUTTER:236.1x1(3-1):1.7x3(2+1x3-1):3.8x6(2-1)
D12S391	CAGAGAGAAAGAATCAACAGGATCAATGGATGCATAGG(1)TAGA(11)CAGA(6)TGAGAGGGGATTTATTAGAGGAATTAGCTCAAGTGATATGGAGGCTGAAAAATCTCATGACAGTCCATCTGCAAGCTGGAGACCCAGGGACACTA(1)	24	24	1	STUTTER:41.4x3(2-1)
D12S391	CAGAGAGAAAGAATCAACAGGATCAATGGATGCATAGG(1)TAGA(16)CAGA(8)CGAGAGGGGATTTATTAGAGGAATTAGCTCAAGTGATATGGAGGCTGAAAAATCTCATGACAGTCCATCTGCAAGCTGGAGACCCAGGGACACTA(1)	11	11	1	
D12S391	CAGAGAGAAAGAATCAACAGGATCAATGGATGCATAGG(1)TAGA(13)CAGA(7)CGAGAGGGGATTTATTAGAGGAATTAGCTCAAGTGATATGGAGGCTGAAAAATCTCATGACAGTCCATCTGCAAGCTGGAGACCCAGGGACACTA(1)	6	6	1	
D12S391	CAGAGAGAAAGAATCAACAGGATCAATGGATGCATAGG(1)TAGA(12)CAGA(5)TGAGAGGGGATTTATTAGAGGAATTAGCTCAAGTGATATGGAGGCTGAAAAATCTCATGACAGTCCATCTGCAAGCTGGAGACCCAGGGACACTA(1)	6	6	1	STUTTER:35.4x1(2-1x3-1):41.4x3(3-1):3.8x7(2-1):0.1x8(2+1x3-1)
D12S391	CAGAGAGAAAGAATCAACAGGATCAATGGATGCATAGG(1)TAGA(15)CAGA(8)CGAGAGGGGATTTATTAGAGGAATTAGCTCAAGTGATATGGAGGCTGAAAAATCTCATGACAGTCCATCTGCAAGCTGGAGACCCAGGGACACTA(1)	5	5	1	
D12S391	CAGAGAGAAAGAATCAACAGGATCAATGGATGCATAGG(1)TAGA(12)CAGA(7)TGAGAGGGGATTTATTAGAGGAATTAGCTCAAGTGATATGGAGGCTGAAAAATCTCATGACAGTCCATCTGCAAGCTGGAGACCCAGGGACACTA(1)	5	5	1	STUTTER:9.4x1(2-1x3+1):11.0x3(3+1)
D13S317	TCTGACCCATCTAACGCCTATCTGTATTTACAAATACAT(1)TATC(8)AATC(2)ATCT(3)TTCTGTCTGTCTTTTTGGG(1)	1742	1	1742	
D13S317	TCTGACCCATCTAACGCCTATCTGTATTTACAAATACAT(1)TATC(14)AATC(2)ATCT(3)TTCTGTCTGTCTTTTTGGG(1)	1288	1	1288	
D13S317	Other sequences	300	1	300	
D13S317	TCTGACCCATCTAACGCCTATCTGTATTTACAAATACAT(1)TATC(13)AATC(2)ATCT(3)TTCTGTCTGTCTTTTTGGG(1)	93	1	93	STUTTER:193.2x15(2-1)
D13S317	TCTGACCCATCTAACGCCTATCTGTATTTACAAATACAT(1)TATC(11)AATC(2)ATCT(3)TTCTGTCTGTCTTTTTGGG(1)	29	1	29	
D13S317	TCTGACCCATCTAACGCCTATCTGTATTTACAAATACAT(1)TATC(7)AATC(2)ATCT(3)TTCTGTCTGTCTTTTTGGG(1)	20	1	20	STUTTER:261.3x14(2-1)
D13S317	TCTGACCCATCTAACACCTATCTGTATTTACAAATACAT(1)TATC(14)AATC(2)ATCT(3)TTCTGTCTGTCTTTTTGGG(1)	13	1	13	
D13S317	TCTGACCCATCTAACGCCTATCTGTATTTACAAATACAT(1)TATC(7)AATC(3)ATCT(3)TTCTGTCTGTCTTTTTGGG(1)	9	1	9	
D13S317	TCTGACCCATCTAACGCCTATCTGTATTTACAAATACAT(1)TATC(12)AATC(2)ATCT(3)TTCTGTCTGTCTTTTTGGG(1)	8	1	8	STUTTER:13.9x17(2-1):1.2x18(2+1)
D13S317	TCTGACCCATCTAACGCCTATCTGTATTTACAAATACAT(1)TATC(13)AATC(3)ATCT(3)TTCTGTCTGTCTTTTTGGG(1)	7	1	7	
D13S317	TCTGACCCATCTAACGCCTATCTGTATTTACAAATACAT(1)TATC(15)AATC(2)ATCT(3)TTCTGTCTGTCTTTTTGGG(1)	6	1	6	STUTTER:51.5x15(2+1)
D18S51	GTCTCA(1)GAAA(1)GCAA(1)GAAA(12)A(1)AG(4)GAAA(2)GAGAAAAAGAAAAGAAATAGTAGCAACTGTTATTGTAAGA(1)	1551	1551	1	
D18S51	GTCTCA(1)GAAA(17)A(1)AG(4)GAAA(2)GAGAAAAAGAAAAGAAATAGTAGCAACTGTTATTGTAAGA(1)	1522	1522	1	
D18S51	Other sequences	320	320	1	
D18S51	GTCTCA(1)GAAA(16)A(1)AG(4)GAAA(2)GAGAAAAAGAAAAGAAATAGTAGCAACTGTTATTGTAAGA(1)	216	216	1	STUTTER:228.3x26(2-1)
D18S51	GTCTCA(1)GAAA(1)GCAA(1)GAAA(11)A(1)AG(4)GAAA(2)GAGAAAAAGAAAAGAAATAGTAGCAACTGTTATTGTAAGA(1)	113	113	1	STUTTER:232.6x25(4-1)
D18S51	GTCTCA(1)GAAA(15)A(1)AG(4)GAAA(2)GAGAAAAAGAAAAGAAATAGTAGCAACTGTTATTGTAAGA(1)	71	71	1	
D18S51	GTCTCA(1)GAAA(17)A(1)AG(4)GAAA(2)GAGAAAAAGAAAAGAAATAGTAGCAACTATTATTGTAAGA(1)	46	46	1	
D18S51	GTCTCA(1)GAAA(12)TAAA(1)GAAA(4)A(1)AG(4)GAAA(2)GAGAAAAAGAAAAGAAATAGTAGCAACTGTTATTGTAAGA(1)	26	26	1	
D18S51	GTCTCA(1)GAAA(18)A(1)AG(4)GAAA(2)GAGAAAAAGAAAAGAAATAGTAGCAACTGTTATTGTAAGA(1)	13	13	1	STUTTER:60.9x26(2+1)
D18S51	GTCTCA(1)GAAA(14)A(1)AG(4)GAAA(2)GAGAAAAAGAAAAGAAATAGTAGCAACTGTTATTGTAAGA(1)	10	10	1	STUTTER:10.7x30(2-1)
D18S51	GTCTCA(1)GAAA(1)GCAA(1)GAAA(12)A(1)AG(4)GAAA(2)GAGAAAAAGAAAAGAAATAGTAGCAACTGTTATTGCAAGA(1)	7	7	1	
D18S51	GTCTCA(1)GAAA(1)GCAA(1)GAAA(13)A(1)AG(4)GAAA(2)GAGAAAAAGAAAAGAAATAGTAGCAACTGTTATTGTAAGA(1)	6	6	1	STUTTER:62.0x25(4+1)
D18S51	GTCTCA(1)GAAA(1)GCAA(1)GAAA(12)A(1)AG(4)GAAA(2)GAGAAAAAGAAAAGAAATAGTAGCAACCGTTATTGTAAGA(1)	5	5	1	
D18S51	GTCTCA(1)GAAA(1)GCAA(1)GAAA(10)A(1)AG(4)GAAA(2)GAGAAAAAGAAAAGAAATAGTAGCAACTGTTATTGTAAGA(1)	5	5	1	STUTTER:16.9x29(4-1)
D18S51	GTCTCA(1)GAAA(17)G(1)AG(4)GAAA(2)GAGAAAAAGAAAAGAAATAGTAGCAACTGTTATTGTAAGA(1)	5	5	1	
D18S51	GTCCCA(1)GAAA(17)A(1)AG(4)GAAA(2)GAGAAAAAGAAAAGAAATAGTAGCAACTGTTATTGTAAGA(1)	5	5	1	
D1S1656	TTCAGAGAAATAGAATCACTAGGGAACCAAATATATATACATACAATTAA(1)AC(5)AT(1)CTAT(10)CT(1)	620	620	1	
D1S1656	TTCAGAGAAATAGAATCACTAGGGAACCAAATATATATACATACAATTAA(1)AC(6)CTAT(11)CT(1)	532	532	1	
D1S1656	Other sequences	97	97	1	
D1S1656	TTCAGAGAAATAGAATCACTAGGGAACCAAATATATATACATACAATTAA(1)AC(6)CTAT(10)CT(1)	61	61	1	STUTTER:79.8x42(3-1)
D1S1656	TTCAGAGAAATAGAATCACTAGGGAACCAAATATATATACATACAATTAA(1)AC(5)AT(1)CTAT(9)CT(1)	51	51	1	STUTTER:93.0x41(4-1)
D1S1656	TTCAGAGAAATAGAATCACTAGGGAACCAAATATATATACATACAATTAA(1)AC(5)ATATAT(1)CTAT(9)CT(1)	32	32	1	
D1S1656	TTCAGAGAAATAGAATCACTAGGGAACCAAATATATATACATACAATTAA(1)AC(6)CTAT(13)CT(1)	13	13	1	
D1S1656	TTCAGAGAAATAGAATCACTAGGGAACCAAATATATATACATACAATTAA(1)AC(6)CTAT(12)CT(1)	9	9	1	STUTTER:21.3x42(3+1):1.9x47(3-1)
D6S1043	AGATGGCATATTGTGAAATTTCTCAGCTTCCATAATTGTATGAGCCACTTCCCATAATAAATC(1)CTAT(12)CTGATCTATCAATCTATTGATC(1)	1476	1	1476	
D6S1043	AGATGGCATATTGTGAAATTTCTCAGCTTCCATAATTGTATGAGCCACTTCCCATAATAAATC(1)CTAT(13)CTGATCTATCAATCTATTGATC(1)	1208	1	1208	
D6S1043	Other sequences	277	1	277	
D6S1043	AGATGGCATATTGTGAAATTTCTCAGCTTCCATAATTGTATGAGCCACTTCCCATAATAAATC(1)CTAT(11)CTGATCTATCAATCTATTGATC(1)	140	1	140	STUTTER:221.4x49(2-1)
D6S1043	AGATGGCATATTGTGAAATTTCTAAGCTTCCATAATTGTATGAGCCACTTCCCATAATAAATC(1)CTAT(12)CTGATCTATCAATCTATTGATC(1)	20	1	20	
D6S1043	AGATGGCATATTGTGAAATTTCTCAGCTTCCATAATTGTATGAGCCACTTCCCATAATAAATC(1)CTAT(14)CTGATCTATCAATCTATTGATC(1)	18	1	18	STUTTER:48.3x50(2+1)
D6S1043	AGATGGCATATTGTGAAATTTCTCAGCTTCCATAATTGTATGAGCCACTTCCCATAATAAATC(1)CTAT(10)CTGATCTATCAATCTATTGATC(1)	12	1	12	STUTTER:21.0x52(2-1)
D6S1043	AGATGGCATATTGTGGAATTTCTCAGCTTCCATAATTGTATGAGCCACTTCCCATAATAAATC(1)CTAT(13)CTGATCTATCAATCTATTGATC(1)	7	1	7	
D6S1043	AGATGGTATATTGTGAAATTTCTCAGCTTCCATAATTGTATGAGCCACTTCCCATAATAAATC(1)CTAT(12)CTGATCTATCAATCTATTGATC(1)	6	1	6	
D6S1043	AGATGGCATATTGTGAAATTTCTCAGCTTCCATAATTGTATGAGTCACTTCCCATAATAAATC(1)CTAT(12)CTGATCTATCAATCTATTGATC(1)	6	1	6	
D6S1043	AGATGGCATATTGTGAAATTTCTCCGCTTCCATAATTGTATGAGCCACTTCCCATAATAAATC(1)CTAT(12)CTGATCTATCAATCTATTGATC(1)	5	1	5	
D6S1043	AGATGGCATATTGTGAAATTTCTCAGCTTCCATAATTGTATTAGCCACTTCCCATAATAAATC(1)CTAT(12)CTGATCTATCAATCTATTGATC(1)	5	1	5	
FGA	CCAGCAAA(1)AAAG(2)GAAG(1)AAAG(1)GAAG(2)GAG(1)AAAG(14)AGAAA(1)AAAG(3)AAACTAGCTTGTAAATATGC(1)	2637	2637	2637	
FGA	CCAGCAAA(1)AAAG(2)GAAG(1)AAAG(1)GAAG(2)GAG(1)AAAG(12)AGAAA(1)AAAG(3)AAACTAGCTTGTAAATATGC(1)	2326	2326	2326	
FGA	Other sequences	495	495	495	
FGA	CCAGCAAA(1)AAAG(2)GAAG(1)AAAG(1)GAAG(2)GAG(1)AAAG(13)AGAAA(1)AAAG(3)AAACTAGCTTGTAAATATGC(1)	360	360	360	STUTTER:395.6x61(7-1):93.0x62(7+1)
FGA	CCAGCAAA(1)AAAG(2)GAAG(1)AAAG(1)GAAG(2)GAG(1)AAAG(11)AGAAA(1)AAAG(3)AAACTAGCTTGTAAATATGC(1)	285	285	285	STUTTER:348.9x62(7-1)
FGA	CCAGCAAA(1)AAAG(2)GAAG(1)AAAG(1)GAAG(2)GAG(1)AAAG(15)AGAAA(1)AAAG(3)AAACTAGCTTGTAAATATGC(1)	78	78	78	STUTTER:105.5x61(7+1)
FGA	CCAGCAAA(1)AAAG(2)GAAG(1)AAAG(1)GGAG(1)GAAG(1)GAG(1)AAAG(12)AGAAA(1)AAAG(3)AAACTAGCTTGTAAATATGC(1)	47	47	47	
FGA	CCAGCAAA(1)AAAG(2)GAAG(1)AAAG(1)GAAG(2)GAG(1)AAAG(10)AGAAA(1)AAAG(3)AAACTAGCTTGTAAATATGC(1)	22	22	22	STUTTER:42.8x65(7-1)
FGA	CCAGCAAA(1)AAAG(2)GAAG(1)AAAG(1)GAAG(2)GAG(1)AAAG(7)AGAAA(1)AAAG(3)AAACTAGCTTGTAAATATGC(1)	11	11	11	
FGA	CCAACAAA(1)AAAG(2)GAAG(1)AAAG(1)GAAG(2)GAG(1)AAAG(14)AGAAA(1)AAAG(3)AAACTAGCTTGTAAATATGC(1)	9	9	9	
FGA	CCAGCAAA(1)AAAG(2)GAAG(1)AAAG(1)GGAG(1)GAAG(1)GAG(1)AAAG(11)AGAAA(1)AAAG(3)AAACTAGCTTGTAAATATGC(1)	7	7	7	STUTTER:7.0x67(8-1)
FGA	CCAGCAAA(1)AAAG(2)GAAG(1)AAAG(1)GAAG(2)GAG(1)AAAG(14)AGAAA(1)AAAG(3)AAACTAGCTTGTAAATATGT(1)	6	6	6	
FGA	CCAGCAAA(1)AAAG(2)GAAG(1)AAAG(1)GAAG(2)GAG(1)AAAG(14)AGAAA(1)AAAG(3)AAACTAGCTTGTAAATATAC(1)	6	6	6	
FGA	CCAGCAAA(1)AAAG(2)GAAG(1)AAAG(1)GAAG(2)GAG(1)AAAG(14)AGAA(1)AAAG(1)G(1)AAAG(2)AAACTAGCTTGTAAATATGC(1)	5	5	5	
