marker	sequence	total	forward	reverse	flags
D12S391	CAGAGAGAAAGAATCAACAGGATCAATGGATGCATAGG(1)TAGA(13)CAGA(7)TGAGAGGGGATTTATTAGAGGAATTAGCTCAAGTGATATGGAGGCTGAAAAATCTCATGACAGTCCATCTGCAAGCTGGAGACCCAGGGACACTA(1)	994	994	1	
D12S391	CAGAGAGAAAGAATCAACAGGATCAATGGATGCATAGG(1)TAGA(13)CAGA(6)TGAGAGGGGATTTATTAGAGGAATTAGCTCAAGTGATATGGAGGCTGAAAAATCTCATGACAGTCCATCTGCAAGCTGGAGACCCAGGGACACTA(1)	757	757	1	
D12S391	Other sequences	352	352	1	
D12S391	CAGAGAGAAAGAATCAACAGGATCAATGGATGCATAGG(1)TAGA(12)CAGA(7)TGAGAGGGGATTTATTAGAGGAATTAGCTCAAGTGATATGGAGGCTGAAAAATCTCATGACAGTCCATCTGCAAGCTGGAGACCCAGGGACACTA(1)	145	145	1	STUTTER:149.1x1(2-1):4.5x2(2-1x3+1)
D12S391	CAGAGAGAAAGAATCAACAGGATCAATGGATGCATAGG(1)TAGA(12)CAGA(6)TGAGAGGGGATTTATTAGAGGAATTAGCTCAAGTGATATGGAGGCTGAAAAATCTCATGACAGTCCATCTGCAAGCTGGAGACCCAGGGACACTA(1)	104	104	1	STUTTER:22.4x1(2-1x3-1):113.5x2(2-1):21.8x4(3-1)
D12S391	CAGAGAGAAAGAATCAACAGGATCAATGGATGCATAGG(1)TAGA(14)CAGA(5)TGAGAGGGGATTTATTAGAGGAATTAGCTCAAGTGATATGGAGGCTGAAAAATCTCATGACAGTCCATCTGCAAGCTGGAGACCCAGGGACACTA(1)	25	25	1	
D12S391	CAGAGAGAAAGAATCAACAGGATCAATGGATGCATAGG(1)TAGA(13)CAGA(5)TGAGAGGGGATTTATTAGAGGAATTAGCTCAAGTGATATGGAGGCTGAAAAATCTCATGACAGTCCATCTGCAAGCTGGAGACCCAGGGACACTA(1)	17	17	1	STUTTER:113.5x2(3-1):0.6x5(2+1x3-1):3.8x6(2-1)
D12S391	CAGAGAGAAAGAATCAACAGGATCAATGGATGCATAGG(1)TAGA(14)CAGA(6)TGAGAGGGGATTTATTAGAGGAATTAGCTCAAGTGATATGGAGGCTGAAAAATCTCATGACAGTCCATCTGCAAGCTGGAGACCCAGGGACACTA(1)	14	14	1	STUTTER:6.0x1(2+1x3-1):30.3x2(2+1):1.0x6(3+1)
D12S391	CAGAGAGAAAGAATCAACAGGATCAATGGATGCATAGG(1)TAGA(11)CAGA(7)TGAGAGGGGATTTATTAGAGGAATTAGCTCAAGTGATATGGAGGCTGAAAAATCTCATGACAGTCCATCTGCAAGCTGGAGACCCAGGGACACTA(1)	12	12	1	STUTTER:21.8x4(2-1):0.6x5(2-1x3+1)
D12S391	CAGAGAGAAAGAATCAACAGGATCAATGGATGCATAGG(1)TAGA(11)CAGA(6)TGAGAGGGGATTTATTAGAGGAATTAGCTCAAGTGATATGGAGGCTGAAAAATCTCATGACAGTCCATCTGCAAGCTGGAGACCCAGGGACACTA(1)	10	10	1	STUTTER:3.3x4(2-1x3-1):15.6x5(2-1):1.8x9(3-1)
D13S317	TCTGACCCATCTAACGCCTATCTGTATTTACAAATACAT(1)TATC(8)AATC(2)ATCT(3)TTCTGTCTGTCTTTTTGGG(1)	1472	1	1472	
D13S317	TCTGACCCATCTAACGCCTATCTGTATTTACAAATACAT(1)TATC(12)AATC(1)ATCT(3)TTCTGTCTGTCTTTTTGGG(1)	997	1	997	
D13S317	Other sequences	216	1	216	
D13S317	TCTGACCCATCTAACGCCTATCTGTATTTACAAATACAT(1)TATC(11)AATC(1)ATCT(3)TTCTGTCTGTCTTTTTGGG(1)	47	1	47	STUTTER:149.5x12(2-1)
D13S317	TCTGACCCATCTAACGCCTATCTGTATTTACAAATACAT(1)TATC(13)AATC(1)ATCT(3)TTCTGTCTGTCTTTTTGGG(1)	32	1	32	STUTTER:39.9x12(2+1)
D13S317	TCTGACCCATCTAACGCCTATCTGTATTTACAAATACAT(1)TATC(11)AATC(2)ATCT(3)TTCTGTCTGTCTTTTTGGG(1)	27	1	27	
D13S317	TCTGACCCATCTAACGCCTATCTGTATTTACAAATACAT(1)TATC(7)AATC(2)ATCT(3)TTCTGTCTGTCTTTTTGGG(1)	14	1	14	STUTTER:220.8x11(2-1)
D13S317	TCTGACCCATCTAACGCCTATCTGTATTTACAAATACAT(1)TATC(9)AATC(2)ATCT(3)TTCTGTCTGTCTTTTTGGG(1)	5	1	5	STUTTER:58.9x11(2+1)
D18S51	GTCTCA(1)GAAA(13)A(1)AG(4)GAAA(2)GAGAAAAAGAAAAGAAATAGTAGCAACTGTTATTGTAAGA(1)	1563	1563	1	
D18S51	GTCTCA(1)GAAA(16)A(1)AG(4)GAAA(2)GAGAAAAAGAAAAGAAATAGTAGCAACTGTTATTGTAAGA(1)	1562	1562	1	
D18S51	Other sequences	285	285	1	
D18S51	GTCTCA(1)GAAA(15)A(1)AG(4)GAAA(2)GAGAAAAAGAAAAGAAATAGTAGCAACTGTTATTGTAAGA(1)	176	176	1	STUTTER:234.3x20(2-1)
D18S51	GTCTCA(1)GAAA(12)A(1)AG(4)GAAA(2)GAGAAAAAGAAAAGAAATAGTAGCAACTGTTATTGTAAGA(1)	133	133	1	STUTTER:234.4x19(2-1)
D18S51	GTCTCA(1)GAAA(14)A(1)AG(4)GAAA(2)GAGAAAAAGAAAAGAAATAGTAGCAACTGTTATTGTAAGA(1)	21	21	1	STUTTER:62.5x19(2+1):26.4x22(2-1)
D18S51	GTCTCA(1)GAAA(17)A(1)AG(4)GAAA(2)GAGAAAAAGAAAAGAAATAGTAGCAACTGTTATTGTAAGA(1)	13	13	1	STUTTER:62.5x20(2+1)
D18S51	GTCTCA(1)GAAA(11)A(1)AG(4)GAAA(2)GAGAAAAAGAAAAGAAATAGTAGCAACTGTTATTGTAAGA(1)	13	13	1	STUTTER:19.9x23(2-1)
D18S51	GTCTCA(1)GAAA(12)AAAAA(1)AG(4)GAAA(2)GAGAAAAAGAAAAGAAATAGTAGCAACTGTTATTGTAAGA(1)	5	5	1	
D1S1656	TTCAGAGAAATAGAATCACTAGGGAACCAAATATATATACATACAATTAA(1)AC(6)CTAT(16)CT(1)	1042	1042	1	
D1S1656	TTCAGAGAAATAGAATCACTAGGGAACCAAATATATATACATACAATTAA(1)AC(6)CTAT(15)CT(1)	184	184	1	
D1S1656	Other sequences	109	109	1	
D1S1656	TTCAGAGAAATAGAATCACTAGGGAACCAAATATATATACATACAATTAA(1)AC(6)CTAT(14)CT(1)	26	26	1	STUTTER:27.6x29(3-1)
D1S1656	TTCAGAGAAATAGAATCACTAGGGAACCAAATATATATACATACAATTAA(1)AC(6)CTAT(17)CT(1)	19	19	1	STUTTER:41.7x28(3+1)
D1S1656	TTCAGAGAAATAGAATCACTAGGGAACCAAATATATATACATACAATTAAACAA(1)AC(4)CTAT(16)CT(1)	17	17	1	
D1S1656	TTCAGAGAAATAGAATCACTAGGGAACCAAATATATATACATACAATTAA(1)AC(5)CTAT(16)CT(1)	11	11	1	STUTTER:156.3x28(2-1):1.1x29(2-1x3+1):0.4x32(2-1x3-1)
D1S1656	TTCAGAGAAATAGAATCACTAGGGAACCAAATATATATACATACAATTAA(1)AC(6)CTAC(1)CTAT(15)CT(1)	5	5	1	
D6S1043	AGATGGCATATTGTGAAATTTCTCAGCTTCCATAATTGTATGAGCCACTTCCCATAATAAATC(1)CTAT(10)CTGATCTATCAATCTATTGATC(1)	2208	1	2208	
D6S1043	AGATGGCATATTGTGAAATTTCTCAGCTTCCATAATTGTATGAGCCACTTCCCATAATAAATC(1)CTAT(11)CTGATCTATCAATCTATTGATC(1)	1638	1	1638	
D6S1043	Other sequences	300	1	300	
D6S1043	AGATGGCATATTGTGAAATTTCTCAGCTTCCATAATTGTATGAGCCACTTCCCATAATAAATC(1)CTAT(9)CTGATCTATCAATCTATTGATC(1)	134	1	134	STUTTER:331.2x36(2-1)
D6S1043	AGATGGCATATTGTGAAATTTCTCAGCTTCCATAATTGTATGAGCCACTTTCCATAATAAATC(1)CTAT(11)CTGATCTATCAATCTATTGATC(1)	33	1	33	
D6S1043	AGATGGCATATTGTGAAATTTCTCAGCTTCCATAATTGTATGAGCCACTTCCCATAATAAATC(1)CTAT(12)CTGATCTATCAATCTATTGATC(1)	14	1	14	STUTTER:65.5x37(2+1)
D6S1043	AGATGACATATTGTGAAATTTCTCAGCTTCCATAATTGTATGAGCCACTTCCCATAATAAATC(1)CTAT(10)CTGATCTATCAATCTATTGATC(1)	9	1	9	
D6S1043	AGATGGCATATTGTGAAATTTCTCAGCTTCCATAATTGTATGAGCCACTTCACATAATAAATC(1)CTAT(10)CTGATCTATCAATCTATTGATC(1)	5	1	5	
FGA	CCAGCAAA(1)AAAG(2)GAAG(1)AAAG(1)GAAG(2)GAG(1)AAAG(14)AGAAA(1)AAAG(3)AAACTAGCTTGTAAATATGC(1)	2509	2509	2509	
FGA	CCAGCAAA(1)AAAG(2)GAAG(1)AAAG(1)GAAG(2)GAG(1)AAAG(15)AGAAA(1)AAAG(3)AAACTAGCTTGTAAATATGC(1)	2104	2104	2104	
FGA	Other sequences	450	450	450	
FGA	CCAGCAAA(1)AAAG(2)GAAG(1)AAAG(1)GAAG(2)GAG(1)AAAG(13)AGAAA(1)AAAG(3)AAACTAGCTTGTAAATATGC(1)	397	397	397	
FGA	CCAGCAAA(1)AAAG(2)GAAG(1)AAAG(1)GAAG(2)GAG(1)AAAG(12)AGAAA(1)AAAG(3)AAACTAGCTTGTAAATATGC(1)	31	31	31	STUTTER:59.5x47(7-1)
FGA	CCAGCAAA(1)AAAG(2)GAAG(1)AAAG(1)GAAG(2)GAG(1)AAAG(16)AGAAA(1)AAAG(3)AAACTAGCTTGTAAATATGC(1)	16	16	16	STUTTER:84.2x45(7+1)
FGA	CCAGCAAA(1)AAAG(1)AAAA(1)GAAG(1)AAAG(1)GAAG(2)GAG(1)AAAG(14)AGAAA(1)AAAG(3)AAACTAGCTTGTAAATATGC(1)	15	15	15	
FGA	CCAGCAAA(1)AAAG(2)GAAG(1)AAAG(1)GAAG(2)GAG(1)AAAG(11)AGAAA(1)AAAG(3)AAACTAGCTTGTAAATATGC(1)	6	6	6	
FGA	CCAGCAAA(1)AAAG(2)GAAG(1)AAAG(1)GAAG(2)GAG(1)AAAG(14)AGAAA(1)AAAG(3)AAACTAGCTTGTAAATATGT(1)	6	6	6	
FGA	CCAGCAAA(1)AAAG(2)GAAG(1)AAAG(1)GAAG(2)GAG(1)AAAG(15)AGAAA(1)AAAG(3)AAACTAGCTTGTATATATGC(1)	6	6	6	
FGA	CCAGCAAA(1)AAAG(2)GAAG(1)AAAG(1)GAAG(2)GAG(1)AAAG(14)AGAAA(1)AAAG(3)AAACTAGCTAGTAAATATGC(1)	5	5	5	
FGA	CCAGCAAA(1)AAAG(2)GAAG(1)AAAG(1)GAAG(2)GAG(1)AAAG(14)AGAAA(1)AAAG(3)AAACTAGCGTGTAAATATGC(1)	5	5	5	
