marker	sequence	total	forward	reverse	flags
D12S391	CAGAGAGAAAGAATCAACAGGATCAATGGATGCATAGG(1)TAGA(12)CAGA(6)TGAGAGGGGATTTATTAGAGGAATTAGCTCAAGTGATATGGAGGCTGAAAAATCTCATGACAGTCCATCTGCAAGCTGGAGACCCAGGGACACTA(1)	336	336	1	
D12S391	CAGAGAGAAAGAATCAACAGGATCAATGGATGCATAGG(1)TAGA(11)CAGA(6)TGAGAGGGGATTTATTAGAGGAATTAGCTCAAGTGATATGGAGGCTGAAAAATCTCATGACAGTCCATCTGCAAGCTGGAGACCCAGGGACACTA(1)	314	314	1	
D12S391	Other sequences	142	142	1	
D12S391	CAGAGAGAAAGAATCAACAGGATCAATGGATGCATAGG(1)TAGA(10)CAGA(6)TGAGAGGGGATTTATTAGAGGAATTAGCTCAAGTGATATGGAGGCTGAAAAATCTCATGACAGTCCATCTGCAAGCTGGAGACCCAGGGACACTA(1)	35	35	1	STUTTER:47.1x2(2-1)
D12S391	CAGAGAGAAAGAATCAACAGGATCAATGGATGCATAGG(1)TAGA(12)CAGA(5)TGAGAGGGGATTTATTAGAGGAATTAGCTCAAGTGATATGGAGGCTGAAAAATCTCATGACAGTCCATCTGCAAGCTGGAGACCCAGGGACACTA(1)	21	21	1	STUTTER:50.4x1(3-1):1.9x2(2+1x3-1)
D12S391	CAGAGAGAAAGAATCAACAGGATCAATGGATGCATAGG(1)TAGA(11)CAGA(5)TGAGAGGGGATTTATTAGAGGAATTAGCTCAAGTGATATGGAGGCTGAAAAATCTCATGACAGTCCATCTGCAAGCTGGAGACCCAGGGACACTA(1)	7	7	1	STUTTER:7.6x1(2-1x3-1):47.1x2(3-1):0.2x4(2+1x3-1):3.1x5(2-1)
D13S317	TCTGACCCATCTAACGCCTATCTGTATTTACAAATACAT(1)TATC(12)AATC(1)ATCT(3)TTCTGTCTGTCTTTTTGGG(1)	619	1	619	
D13S317	TCTGACCCATCTAACGCCTATCTGTATTTACAAATACAT(1)TATC(13)AATC(1)ATCT(3)TTCTGTCTGTCTTTTTGGG(1)	473	1	473	
D13S317	Other sequences	131	1	131	
D13S317	TCTGACCCATCTAACGCCTATCTGTATTTACAAATACAT(1)TATC(11)AATC(1)ATCT(3)TTCTGTCTGTCTTTTTGGG(1)	25	1	25	STUTTER:92.8x7(2-1)
D13S317	TCTGACCCATCTAACGCCTATCTGTATTTACAAATACAT(1)TATC(12)AATC(1)ATCT(3)TTCTGTCTGTCTTTTTGTG(1)	5	1	5	
D13S317	TCTGACCCATCTAACGCCTATCTGTATTTACAAATACAT(1)TATC(11)AATC(2)ATCT(3)TTCTGTCTGTCTTTTTGGG(1)	5	1	5	
D18S51	GTCTCA(1)GAAA(13)A(1)AG(4)GAAA(2)GAGAAAAAGAAAAGAAATAGTAGCAACTGTTATTGTAAGA(1)	821	821	1	
D18S51	GTCTCA(1)GAAA(15)A(1)AG(4)GAAA(2)GAGAAAAAGAAAAGAAATAGTAGCAACTGTTATTGTAAGA(1)	524	524	1	
D18S51	Other sequences	106	106	1	
D18S51	GTCTCA(1)GAAA(12)A(1)AG(4)GAAA(2)GAGAAAAAGAAAAGAAATAGTAGCAACTGTTATTGTAAGA(1)	82	82	1	STUTTER:123.1x13(2-1)
D18S51	GTCTCA(1)GAAA(14)A(1)AG(4)GAAA(2)GAGAAAAAGAAAAGAAATAGTAGCAACTGTTATTGTAAGA(1)	78	78	1	STUTTER:32.8x13(2+1):78.6x14(2-1)
D18S51	GTCTCA(1)GAAA(11)A(1)AG(4)GAAA(2)GAGAAAAAGAAAAGAAATAGTAGCAACTGTTATTGTAAGA(1)	7	7	1	STUTTER:12.3x16(2-1)
D18S51	GTCTCA(1)GAAA(16)A(1)AG(4)GAAA(2)GAGAAAAAGAAAAGAAATAGTAGCAACTGTTATTGTAAGA(1)	6	6	1	STUTTER:21.0x14(2+1)
D1S1656	TTCAGAGAAATAGAATCACTAGGGAACCAAATATATATACATACAATTAA(1)AC(6)CTAT(15)CT(1)	225	225	1	
D1S1656	TTCAGAGAAATAGAATCACTAGGGAACCAAATATATATACATACAATTAA(1)AC(5)AT(1)CTAT(11)CT(1)	176	176	1	
D1S1656	Other sequences	41	41	1	
D1S1656	TTCAGAGAAATAGAATCACTAGGGAACCAAATATATATACATACAATTAA(1)AC(6)CTAT(14)CT(1)	33	33	1	STUTTER:33.8x20(3-1)
D1S1656	TTCAGAGAAATAGAATCACTAGGGAACCAAATATATATACATACAATTAA(1)AC(5)AT(1)CTAT(10)CT(1)	12	12	1	STUTTER:26.4x21(4-1)
D1S1656	TTCAGAGAAATAGAATCACTAGGGAACCAAATATATATACATACAATTAA(1)AC(6)CTAT(16)CT(1)	5	5	1	STUTTER:9.0x20(3+1)
D6S1043	AGATGGCATATTGTGAAATTTCTCAGCTTCCATAATTGTATGAGCCACTTCCCATAATAAATC(1)CTAT(11)CTGATCTATCAATCTATTGATC(1)	493	1	493	
D6S1043	AGATGGCATATTGTGAAATTTCTCAGCTTCCATAATTGTATGAGCCACTTCCCATAATAAATC(1)CTAT(6)GTAT(1)CTAT(10)CTGATCTATCAATCTATTGATC(1)	465	1	465	
D6S1043	Other sequences	103	1	103	
D6S1043	AGATGGCATATTGTGAAATTTCTCAGCTTCCATAATTGTATGAGCCACTTCCCATAATAAATC(1)CTAT(10)CTGATCTATCAATCTATTGATC(1)	33	1	33	STUTTER:74.0x26(2-1)
D6S1043	AGATGGCATATTGTGAAATTTCTCAGCTTCCATAATTGTATGAGCCACTTCCCATAATAAATC(1)CTAT(6)GTAT(1)CTAT(9)CTGATCTATCAATCTATTGATC(1)	30	1	30	STUTTER:69.8x27(4-1)
D6S1043	AGATGGCATATTTTGAAATTTCTCAGCTTCCATAATTGTATGAGCCACTTCCCATAATAAATC(1)CTAT(11)CTGATCTATCAATCTATTGATC(1)	7	1	7	
FGA	CCAGCAAA(1)AAAG(2)GAAG(1)AAAG(1)GAAG(2)GAG(1)AAAG(13)AGAAA(1)AAAG(3)AAACTAGCTTGTAAATATGC(1)	895	895	895	
FGA	CCAGCAAA(1)AAAG(2)GAAG(1)AAAG(1)GAAG(2)GAG(1)AAAG(14)AGAAA(1)AAAG(3)AAACTAGCTTGTAAATATGC(1)	561	561	561	
FGA	Other sequences	169	169	169	
FGA	CCAGCAAA(1)AAAG(2)GAAG(1)AAAG(1)GAAG(2)GAG(1)AAAG(12)AGAAA(1)AAAG(3)AAACTAGCTTGTAAATATGC(1)	139	139	139	
FGA	CCAGCAAA(1)AAAG(2)GAAG(1)AAAG(1)GAAG(2)GAG(1)AAAG(11)AGAAA(1)AAAG(3)AAACTAGCTTGTAAATATGC(1)	8	8	8	STUTTER:20.8x35(7-1)
FGA	CCAGCAAA(1)AAAG(2)GAAG(1)AAAG(1)GAAG(2)GAG(1)AAAG(12)AGAAA(1)AAAG(3)AAACTAGCTTGTAAATATGT(1)	8	8	8	
FGA	CCAGCAAA(1)AAAG(2)GAAG(1)AAAG(1)GAAG(2)GAG(1)AAAG(15)AGAAA(1)AAAG(3)AAACTAGCTTGTAAATATGC(1)	5	5	5	STUTTER:22.4x33(7+1)
