marker	sequence	total	forward	reverse	flags
D12S391	CAGAGAGAAAGAATCAACAGGATCAATGGATGCATAGG(1)TAGA(13)CAGA(8)CGAGAGGGGATTTATTAGAGGAATTAGCTCAAGTGATATGGAGGCTGAAAAATCTCATGACAGTCCATCTGCAAGCTGGAGACCCAGGGACACTA(1)	424	424	1	
D12S391	CAGAGAGAAAGAATCAACAGGATCAATGGATGCATAGG(1)TAGA(12)CAGA(6)TGAGAGGGGATTTATTAGAGGAATTAGCTCAAGTGATATGGAGGCTGAAAAATCTCATGACAGTCCATCTGCAAGCTGGAGACCCAGGGACACTA(1)	368	368	1	
D12S391	Other sequences	190	190	1	
D12S391	CAGAGAGAAAGAATCAACAGGATCAATGGATGCATAGG(1)TAGA(12)CAGA(8)CGAGAGGGGATTTATTAGAGGAATTAGCTCAAGTGATATGGAGGCTGAAAAATCTCATGACAGTCCATCTGCAAGCTGGAGACCCAGGGACACTA(1)	95	95	1	
D12S391	CAGAGAGAAAGAATCAACAGGATCAATGGATGCATAGG(1)TAGA(11)CAGA(6)TGAGAGGGGATTTATTAGAGGAATTAGCTCAAGTGATATGGAGGCTGAAAAATCTCATGACAGTCCATCTGCAAGCTGGAGACCCAGGGACACTA(1)	75	75	1	
D12S391	CAGAGAGAAAGAATCAACAGGATCAATGGATGCATAGG(1)TAGA(12)CAGA(5)TGAGAGGGGATTTATTAGAGGAATTAGCTCAAGTGATATGGAGGCTGAAAAATCTCATGACAGTCCATCTGCAAGCTGGAGACCCAGGGACACTA(1)	36	36	1	STUTTER:55.2x2(3-1):0.5x5(2+1x3-1)
D12S391	CAGAGAGAAAGAATCAACAGGATCAATGGATGCATAGG(1)TAGA(13)CAGA(7)CGAGAGGGGATTTATTAGAGGAATTAGCTCAAGTGATATGGAGGCTGAAAAATCTCATGACAGTCCATCTGCAAGCTGGAGACCCAGGGACACTA(1)	16	16	1	STUTTER:63.6x1(3-1):0.6x4(2+1x3-1)
D12S391	CAGAGAGAAAGAATCAACAGGATCAATGGATGCATAGG(1)TAGA(10)CAGA(6)TGAGAGGGGATTTATTAGAGGAATTAGCTCAAGTGATATGGAGGCTGAAAAATCTCATGACAGTCCATCTGCAAGCTGGAGACCCAGGGACACTA(1)	11	11	1	STUTTER:11.2x5(2-1)
D12S391	CAGAGAGAAAGAATCAACAGGATCAATGGATGCATAGG(1)TAGA(13)CAGA(7)CGGACGAGAGGGGATTTATTAGAGGAATTAGCTCAAGTGATATGGAGGCTGAAAAATCTCATGACAGTCCATCTGCAAGCTGGAGACCCAGGGACACTA(1)	7	7	1	
D12S391	CAGAGAGAAAGAATCAACAGGATCAATGGATGCATAGG(1)TAGA(11)CAGA(5)TGAGAGGGGATTTATTAGAGGAATTAGCTCAAGTGATATGGAGGCTGAAAAATCTCATGACAGTCCATCTGCAAGCTGGAGACCCAGGGACACTA(1)	7	7	1	STUTTER:8.3x2(2-1x3-1):11.2x5(3-1):5.4x6(2-1)
D12S391	CAGAGAGAAAGAATCAACAGGATCAATGGATGCATAGG(1)TAGA(14)CAGA(7)CGAGAGGGGATTTATTAGAGGAATTAGCTCAAGTGATATGGAGGCTGAAAAATCTCATGACAGTCCATCTGCAAGCTGGAGACCCAGGGACACTA(1)	6	6	1	
D12S391	CAGAGAGAAAGAATCAACAGGATCAATGGATGCATAGG(1)TAGA(12)CGGA(1)CAGA(5)TGAGAGGGGATTTATTAGAGGAATTAGCTCAAGTGATATGGAGGCTGAAAAATCTCATGACAGTCCATCTGCAAGCTGGAGACCCAGGGACACTA(1)	5	5	1	
D13S317	TCTGACCCATCTAATGCCTATCTGTATTTACAAATACAT(1)TATC(12)AATC(1)ATCT(3)TTCTGTCTGTCTTTTTGGG(1)	610	1	610	
D13S317	TCTGACCCATCTAACGCCTATCTGTATTTACAAATACAT(1)TATC(12)AATC(2)ATCT(3)TTCTGTCTGTCTTTTTGGG(1)	525	1	525	
D13S317	Other sequences	119	1	119	
D13S317	TCTGACCCATCTAATGCCTATCTGTATTTACAAATACAT(1)TATC(11)AATC(1)ATCT(3)TTCTGTCTGTCTTTTTGGG(1)	30	1	30	STUTTER:91.5x13(2-1)
D13S317	TCTGACCCATCTAACGCCTATCTGTATTTACAAATACAT(1)TATC(11)AATC(2)ATCT(3)TTCTGTCTGTCTTTTTGGG(1)	13	1	13	STUTTER:78.8x14(2-1)
D13S317	TCTGACCCATCTAATGCCTATCTGTATTTACAAATACAT(1)TATC(13)AATC(1)ATCT(3)TTCTGTCTGTCTTTTTGGG(1)	10	1	10	STUTTER:24.4x13(2+1)
D13S317	TCTGACCCATCTAATGCCTATCTGTATTTACAAATACAT(1)TATC(12)AATC(2)ATCT(3)TTCTGTCTGTCTTTTTGGG(1)	5	1	5	
D18S51	GTCTCA(1)GAAA(14)A(1)AG(4)GAAA(2)GAGAAAAAGAAAAGAAATAGTAGCAACTGTTATTGTAAGA(1)	763	763	1	
D18S51	GTCTCA(1)GAAA(18)A(1)AG(4)GAAA(2)GAGAAAAAGAAAAGAAATAGTAGCAACTGTTATTGTAAGA(1)	731	731	1	
D18S51	Other sequences	173	173	1	
D18S51	GTCTCA(1)GAAA(17)A(1)AG(4)GAAA(2)GAGAAAAAGAAAAGAAATAGTAGCAACTGTTATTGTAAGA(1)	105	105	1	STUTTER:109.6x21(2-1)
D18S51	GTCTCA(1)GAAA(13)A(1)AG(4)GAAA(2)GAGAAAAAGAAAAGAAATAGTAGCAACTGTTATTGTAAGA(1)	81	81	1	STUTTER:114.5x20(2-1)
D18S51	GTCTCA(1)GAAA(19)A(1)AG(4)GAAA(2)GAGAAAAAGAAAAGAAATAGTAGCAACTGTTATTGTAAGA(1)	9	9	1	STUTTER:29.2x21(2+1)
D18S51	GTCTCA(1)GAAA(16)A(1)AG(4)GAAA(2)GAGAAAAAGAAAAGAAATAGTAGCAACTGTTATTGTAAGA(1)	9	9	1	STUTTER:15.8x23(2-1)
D1S1656	TTCAGAGAAATAGAATCACTAGGGAACCAAATATATATACATACAATTAA(1)AC(5)AT(1)CTAT(10)CT(1)	580	580	1	
D1S1656	Other sequences	53	53	1	
D1S1656	TTCAGAGAAATAGAATCACTAGGGAACCAAATATATATACATACAATTAA(1)AC(5)AT(1)CTAT(9)CT(1)	49	49	1	STUTTER:87.0x27(4-1)
D1S1656	TTCAGAGAAATAGAATCACTAGGGAACCAAATATATATACATACAATTAA(1)AC(5)AT(1)CTAT(11)CT(1)	5	5	1	STUTTER:23.2x27(4+1)
D6S1043	AGATGGCATATTGTGAAATTTCTCAGCTTCCATAATTGTATGAGCCACTTCCCATAATAAATC(1)CTAT(11)CTGATCTATCAATCTATTGATC(1)	865	1	865	
D6S1043	AGATGGCATATTGTGAAATTTCTCAGCTTCCATAATTGTATGAGCCACTTCCCATAATAAATC(1)CTAT(12)CTGATCTATCAATCTATTGATC(1)	556	1	556	
D6S1043	Other sequences	140	1	140	
D6S1043	AGATGGCATATTGTGAAATTTCTCAGCTTCCATAATTGTATGAGCCACTTCCCATAATAAATC(1)CTAT(10)CTGATCTATCAATCTATTGATC(1)	60	1	60	STUTTER:129.8x31(2-1)
FGA	CCAGCAAA(1)AAAG(2)GAAG(1)AAAG(1)GAAG(2)GAG(1)AAAG(13)AGAAA(1)AAAG(3)AAACTAGCTTGTAAATATGC(1)	1134	1134	1134	
FGA	CCAGCAAA(1)AAAG(2)GAAG(1)AAAG(1)GAAG(2)GAG(1)AAAG(17)AGAAA(1)AAAG(3)AAACTAGCTTGTAAATATGC(1)	1086	1086	1086	
FGA	Other sequences	284	284	284	
FGA	CCAGCAAA(1)AAAG(2)GAAG(1)AAAG(1)GAAG(2)GAG(1)AAAG(16)AGAAA(1)AAAG(3)AAACTAGCTTGTAAATATGC(1)	227	227	227	
FGA	CCAGCAAA(1)AAAG(2)GAAG(1)AAAG(1)GAAG(2)GAG(1)AAAG(12)AGAAA(1)AAAG(3)AAACTAGCTTGTAAATATGC(1)	176	176	176	
FGA	CCAGCAAA(1)AAAG(2)GAAG(1)AAAG(1)GAAG(2)GAG(1)AAAG(15)AGAAA(1)AAAG(3)AAACTAGCTTGTAAATATGC(1)	24	24	24	STUTTER:34.0x38(7-1)
FGA	CCAGCAAA(1)AAAG(2)GAAG(1)AAAG(1)GAAG(2)GAG(1)AAAG(17)AGAAAAAAT(1)AAAG(2)AAACTAGCTTGTAAATATGC(1)	18	18	18	
FGA	CCAGCAAA(1)AAAG(2)GAAG(1)AAAG(1)GAAG(2)GAG(1)AAAG(11)AGAAA(1)AAAG(3)AAACTAGCTTGTAAATATGC(1)	13	13	13	STUTTER:26.4x39(7-1)
FGA	CCAGCAAA(1)AAAG(2)GAAG(1)AAAG(1)GAAG(2)GAG(1)AAAG(7)AAAT(1)AAAG(9)AGAAA(1)AAAG(3)AAACTAGCTTGTAAATATGC(1)	12	12	12	
FGA	CCAGCAAA(1)AAAG(2)GAAG(1)AAAG(1)GAAG(2)GAG(1)AAAG(18)AGAAA(1)AAAG(3)AAACTAGCTTGTAAATATGC(1)	10	10	10	STUTTER:43.4x36(7+1)
FGA	CCAGCAAA(1)AAAG(2)GAAG(1)AAAG(1)GAAG(2)GAG(1)AAAG(14)AGAAA(1)AAAG(3)AAACTAGCTTGTAAATATGC(1)	9	9	9	STUTTER:45.4x35(7+1):3.6x40(7-1)
