marker	sequence	total	forward	reverse	flags
D12S391	CAGAGAGAAAGAATCAACAGGATCAATGGATGCATAGG(1)TAGA(13)CAGA(6)TGAGAGGGGATTTATTAGAGGAATTAGCTCAAGTGATATGGAGGCTGAAAAATCTCATGACAGTCCATCTGCAAGCTGGAGACCCAGGGACACTA(1)	1192	1192	1	
D12S391	CAGAGAGAAAGAATCAACAGGATCAATGGATGCATAGG(1)TAGA(12)CAGA(9)CGAGAGGGGATTTATTAGAGGAATTAGCTCAAGTGATATGGAGGCTGAAAAATCTCATGACAGTCCATCTGCAAGCTGGAGACCCAGGGACACTA(1)	1172	1172	1	
D12S391	Other sequences	512	512	1	
D12S391	CAGAGAGAAAGAATCAACAGGATCAATGGATGCATAGG(1)TAGA(12)CAGA(6)TGAGAGGGGATTTATTAGAGGAATTAGCTCAAGTGATATGGAGGCTGAAAAATCTCATGACAGTCCATCTGCAAGCTGGAGACCCAGGGACACTA(1)	203	203	1	
D12S391	CAGAGAGAAAGAATCAACAGGATCAATGGATGCATAGG(1)TAGA(11)CAGA(9)CGAGAGGGGATTTATTAGAGGAATTAGCTCAAGTGATATGGAGGCTGAAAAATCTCATGACAGTCCATCTGCAAGCTGGAGACCCAGGGACACTA(1)	170	170	1	STUTTER:175.8x2(2-1)
D12S391	CAGAGAGAAAGAATCAACAGGATCAATGGATGCATAGG(1)TAGA(13)CAGA(4)AAGA(1)CAGA(1)TGAGAGGGGATTTATTAGAGGAATTAGCTCAAGTGATATGGAGGCTGAAAAATCTCATGACAGTCCATCTGCAAGCTGGAGACCCAGGGACACTA(1)	42	42	1	
D12S391	CAGAGAGAAAGAATCAACAGGATCAATGGATGCATAGG(1)TAGA(12)CAGA(8)CGAGAGGGGATTTATTAGAGGAATTAGCTCAAGTGATATGGAGGCTGAAAAATCTCATGACAGTCCATCTGCAAGCTGGAGACCCAGGGACACTA(1)	42	42	1	STUTTER:175.8x2(3-1):1.0x5(2+1x3-1)
D12S391	CAGAGAGAAAGAATCAACAGGATCAATGGATGCATAGG(1)TAGA(12)CAGA(6)CGAGAGGGGATTTATTAGAGGAATTAGCTCAAGTGATATGGAGGCTGAAAAATCTCATGACAGTCCATCTGCAAGCTGGAGACCCAGGGACACTA(1)	39	39	1	
D12S391	CAGAGAGAAAGAATCAACAGGATCAATGGATGCATAGG(1)TAGA(3)TATA(1)TAGA(9)CAGA(6)TGAGAGGGGATTTATTAGAGGAATTAGCTCAAGTGATATGGAGGCTGAAAAATCTCATGACAGTCCATCTGCAAGCTGGAGACCCAGGGACACTA(1)	33	33	1	
D12S391	CAGAGAGAAAGAATCAACAGGATCAATGGATGCATAGG(1)TAGA(10)CAGA(9)CGAGAGGGGATTTATTAGAGGAATTAGCTCAAGTGATATGGAGGCTGAAAAATCTCATGACAGTCCATCTGCAAGCTGGAGACCCAGGGACACTA(1)	27	27	1	
D12S391	CAGAGAGAAAGAATCAACAGGATCAATGGATGCATAGG(1)TAGA(14)CAGA(5)TGAGAGGGGATTTATTAGAGGAATTAGCTCAAGTGATATGGAGGCTGAAAAATCTCATGACAGTCCATCTGCAAGCTGGAGACCCAGGGACACTA(1)	20	20	1	
D12S391	CAGAGAGAAAGAATCAACAGGATCAATGGATGCATAGG(1)TAGA(11)CAGA(6)TGAGAGGGGATTTATTAGAGGAATTAGCTCAAGTGATATGGAGGCTGAAAAATCTCATGACAGTCCATCTGCAAGCTGGAGACCCAGGGACACTA(1)	19	19	1	STUTTER:30.4x4(2-1)
D12S391	CAGAGAGAAAGAATCAACAGGATCAATGGATGCATAGG(1)TAGA(12)CAGA(9)CGAGAGGGGATTTATTAGAGGAATTAGCTCAAGTGATATGGAGGCTGAAAAATCTCATGACAGTCCATCTGCAAGCTGGAGACCCAGGGACACCA(1)	18	18	1	
D12S391	CAGAGAGAAAGAATCAACAGGATCAATGGATGCATAGG(1)TAGA(13)CAGA(5)TGAGAGGGGATTTATTAGAGGAATTAGCTCAAGTGATATGGAGGCTGAAAAATCTCATGACAGTCCATCTGCAAGCTGGAGACCCAGGGACACTA(1)	17	17	1	STUTTER:178.8x1(3-1):1.2x4(2+1x3-1):3.0x11(2-1)
D12S391	CAGAGAGAAAGAATCAACAGGATCAATGGATGCATAGG(1)TAGA(13)CAGA(8)CGAGAGGGGATTTATTAGAGGAATTAGCTCAAGTGATATGGAGGCTGAAAAATCTCATGACAGTCCATCTGCAAGCTGGAGACCCAGGGACACTA(1)	16	16	1	
D12S391	CAGAGAGAAAGAATCAACAGGATCAATGGATGCATAGG(1)TAGA(12)CAGA(9)CGAGAGGGGATTTATTAGAGGAATTAGCTCAAGTGATATGGAGGCTGAAAAATCTCATGACAGTCCATCTGCAAGCTGGAGACCCAGGGACATTA(1)	10	10	1	
D12S391	CAGAGAGAAAGAATCAACAGGATCAATGGATGCATAGG(1)TAGA(11)CAGA(10)CGAGAGGGGATTTATTAGAGGAATTAGCTCAAGTGATATGGAGGCTGAAAAATCTCATGACAGTCCATCTGCAAGCTGGAGACCCAGGGACACTA(1)	10	10	1	STUTTER:7.0x2(2-1x3+1):6.8x5(3+1)
D12S391	CAGAGAGAAAGAATCAACAGGATCAATGGATGCATAGG(1)TAGA(12)CAGA(8)CGGACGAGAGGGGATTTATTAGAGGAATTAGCTCAAGTGATATGGAGGCTGAAAAATCTCATGACAGTCCATCTGCAAGCTGGAGACCCAGGGACACTA(1)	8	8	1	
D12S391	CAGAGAGAAAGAATCAACAGGATCAATGGATGCATAGG(1)TAGA(14)CAGA(6)TGAGAGGGGATTTATTAGAGGAATTAGCTCAAGTGATATGGAGGCTGAAAAATCTCATGACAGTCCATCTGCAAGCTGGAGACCCAGGGACACTA(1)	7	7	1	STUTTER:47.7x1(2+1):0.8x11(3+1)
D12S391	CAGAGAGAAAGAATCAACAGGATCAATGGATGCATAGG(1)TAGA(12)CAGA(7)TGAGAGGGGATTTATTAGAGGAATTAGCTCAAGTGATATGGAGGCTGAAAAATCTCATGACAGTCCATCTGCAAGCTGGAGACCCAGGGACACTA(1)	7	7	1	STUTTER:7.2x1(2-1x3+1):8.1x4(3+1)
D12S391	CAGAGAGAAAGAATCAACAGGATCAATGGATGCATAGG(1)TAGA(12)CAGA(4)AAGA(1)CAGA(1)TGAGAGGGGATTTATTAGAGGAATTAGCTCAAGTGATATGGAGGCTGAAAAATCTCATGACAGTCCATCTGCAAGCTGGAGACCCAGGGACACTA(1)	7	7	1	
D12S391	CAGAGAGAAAGAATCAACAGGATCAATGGATGCATAGG(1)TAGA(11)CAGA(8)CGAGAGGGGATTTATTAGAGGAATTAGCTCAAGTGATATGGAGGCTGAAAAATCTCATGACAGTCCATCTGCAAGCTGGAGACCCAGGGACACTA(1)	6	6	1	STUTTER:26.4x2(2-1x3-1):25.5x5(3-1):6.3x7(2-1):0.2x10(2+1x3-1)
D12S391	CAGAGAGAAAGAATCAACAGGATCAATGGATGCATAGG(1)TAGA(12)CAGA(9)CGAGAGGGGATTTATTAGAGGAATTAGCTCAAGTGATATGGAGGCTGAAAAATCTCATGACAGTCCATCTGCAAGCTGGAGACCCAGGCACACTA(1)	5	5	1	
D12S391	CAGAGAGAAAGAATCAACAGGATCAATGGATGCATAGG(1)TAGA(11)CAGA(6)CGAGAGGGGATTTATTAGAGGAATTAGCTCAAGTGATATGGAGGCTGAAAAATCTCATGACAGTCCATCTGCAAGCTGGAGACCCAGGGACACTA(1)	5	5	1	STUTTER:5.8x8(2-1)
D13S317	TCTGACCCATCTAACGCCTATCTGTATTTACAAATACAT(1)TATC(12)AATC(1)ATCT(3)TTCTGTCTGTCTTTTTGGG(1)	4417	1	4417	
D13S317	TCTGACCCATCTAATGCCTATCTGTATTTACAAATACAT(1)TATC(12)AATC(1)ATCT(3)TTCTGTCTGTCTTTTTGGG(1)	2351	1	2351	
D13S317	Other sequences	558	1	558	
D13S317	TCTGACCCATCTAACGCCTATCTGTATTTACAAATACAT(1)TATC(11)AATC(1)ATCT(3)TTCTGTCTGTCTTTTTGGG(1)	145	1	145	STUTTER:662.5x25(2-1)
D13S317	TCTGACCCATCTAACGCCTATCTGTATTTACAAATACAT(1)TATC(13)AATC(1)ATCT(3)TTCTGTCTGTCTTTTTGGG(1)	66	1	66	STUTTER:176.7x25(2+1)
D13S317	TCTGACCCATCTAATGCCTATCTGTATTTACAAATACAT(1)TATC(11)AATC(1)ATCT(3)TTCTGTCTGTCTTTTTGGG(1)	60	1	60	STUTTER:352.6x26(2-1)
D13S317	TCTGACCCATCTAACGCCTATCTGTATTTACAAATACAT(1)TATC(11)AATC(2)ATCT(3)TTCTGTCTGTCTTTTTGGG(1)	18	1	18	
D13S317	TCTGACCCATCTAACGCCTATCTGTATTTACAAATACAT(1)TATC(12)AATC(1)ATCT(3)TTCTGTCTGTCTTTTTGGA(1)	16	1	16	
D13S317	TCTGACCCATCTAACGCCTATCTGTATTTACAAATACAT(1)TATC(12)AATC(1)ATCT(3)TTCTGTCTGTCTTTTTTGGG(1)	11	1	11	
D13S317	TCTGACCCATCTAATGCCTATCTGTATTTACAAATACAT(1)TATC(13)AATC(1)ATCT(3)TTCTGTCTGTCTTTTTGGG(1)	10	1	10	STUTTER:94.0x26(2+1)
D13S317	TCTGACCCATCTAACGCCTATCTGTATTTACAAATACAT(1)TATC(13)ATCT(3)TTCTGTCTGTCTTTTTGGG(1)	10	1	10	
D13S317	TCTGACCCATCTAGCGCCTATCTGTATTTACAAATACAT(1)TATC(12)AATC(1)ATCT(3)TTCTGTCTGTCTTTTTGGG(1)	9	1	9	
D13S317	TCTGACCCATCTAATGCCTATCTGTATTTACAAATACAT(1)TATC(11)AATC(2)ATCT(3)TTCTGTCTGTCTTTTTGGG(1)	8	1	8	
D13S317	TCTGACCCATCTAATGCCTATCTGTATTTACAAATACAT(1)TATC(5)TGTC(1)TATC(6)AATC(1)ATCT(3)TTCTGTCTGTCTTTTTGGG(1)	7	1	7	
D13S317	TCTGACCCATCTAATGCCTATCTGTATTTACAAATACAT(1)TATC(13)ATCT(3)TTCTGTCTGTCTTTTTGGG(1)	7	1	7	
D13S317	TCTGACCCATCTAACGCATATCTGTATTTACAAATACAT(1)TATC(12)AATC(1)ATCT(3)TTCTGTCTGTCTTTTTGGG(1)	7	1	7	
D13S317	TCTGACCCATCTAATGCCTATCTGTATTTACAAATACAT(1)TATC(12)AATC(1)ATCT(3)TTCTGTCTGTCTTTTTGGA(1)	6	1	6	
D13S317	TCTGACCCATCTAACGCCTATCTGTATTTACAAATACAT(1)TATC(12)AATC(1)ATCT(3)TTCTGCCTGTCTTTTTGGG(1)	6	1	6	
D13S317	TCTGACCCATCTAACGCCTATCTGTATTTACAAATACAT(1)TATC(12)GATC(1)ATCT(3)TTCTGTCTGTCTTTTTGGG(1)	5	1	5	
D13S317	TCTGACCCATCTAACGCCTATCTGTATTTACAAATACAT(1)TATC(12)AATC(1)ATCT(3)TTCTGTCTGTCTTTTTAGG(1)	5	1	5	
D13S317	TCTGACCCATCTAACGCCTATCTGTATTTACAAATACAT(1)TATC(8)CATC(1)TATC(3)AATC(1)ATCT(3)TTCTGTCTGTCTTTTTGGG(1)	5	1	5	
D13S317	TCTGACCCATCTAACGCCTATCCGTATTTACAAATACAT(1)TATC(12)AATC(1)ATCT(3)TTCTGTCTGTCTTTTTGGG(1)	5	1	5	
D13S317	TCTGACCCATCTAACGACTATCTGTATTTACAAATACAT(1)TATC(12)AATC(1)ATCT(3)TTCTGTCTGTCTTTTTGGG(1)	5	1	5	
D18S51	GTCTCA(1)GAAA(13)A(1)AG(4)GAAA(2)GAGAAAAAGAAAAGAAATAGTAGCAACTGTTATTGTAAGA(1)	3332	3332	1	
D18S51	GTCTCA(1)GAAA(16)A(1)AG(4)GAAA(2)GAGAAAAAGAAAAGAAATAGTAGCAACTGTTATTGTAAGA(1)	2737	2737	1	
D18S51	Other sequences	523	523	1	
D18S51	GTCTCA(1)GAAA(15)A(1)AG(4)GAAA(2)GAGAAAAAGAAAAGAAATAGTAGCAACTGTTATTGTAAGA(1)	372	372	1	STUTTER:410.6x49(2-1)
D18S51	GTCTCA(1)GAAA(12)A(1)AG(4)GAAA(2)GAGAAAAAGAAAAGAAATAGTAGCAACTGTTATTGTAAGA(1)	322	322	1	STUTTER:499.8x48(2-1)
D18S51	GTCTCA(1)GAAA(17)A(1)AG(4)GAAA(2)GAGAAAAAGAAAAGAAATAGTAGCAACTGTTATTGTAAGA(1)	49	49	1	STUTTER:109.5x49(2+1)
D18S51	GTCTCA(1)GAAA(14)A(1)AG(4)GAAA(2)GAGAAAAAGAAAAGAAATAGTAGCAACTGTTATTGTAAGA(1)	40	40	1	STUTTER:133.3x48(2+1):55.8x51(2-1)
D18S51	GTCTCA(1)GAAA(11)A(1)AG(4)GAAA(2)GAGAAAAAGAAAAGAAATAGTAGCAACTGTTATTGTAAGA(1)	18	18	1	STUTTER:48.3x52(2-1)
D1S1656	TTCAGAGAAATAGAATCACTAGGGAACCAAATATATATACATACAATTAA(1)AC(6)CTAT(15)CT(1)	772	772	1	
D1S1656	TTCAGAGAAATAGAATCACTAGGGAACCAAATATATATACATACAATTAA(1)AC(6)CTAT(13)CAT(1)CTAT(3)CT(1)	368	368	1	
D1S1656	TTCAGAGAAATAGAATCACTAGGGAACCAAATATATATACATACAATTAA(1)AC(6)CTAT(14)CT(1)	187	187	1	
D1S1656	Other sequences	114	114	1	
D1S1656	TTCAGAGAAATAGAATCACTAGGGAACCAAATATATATACATACAATTAA(1)AC(6)CTAT(12)CAT(1)CTAT(3)CT(1)	43	43	1	STUTTER:55.2x57(3-1)
D1S1656	TTCAGAGAAATAGAATCACTAGGGAACCAAATATATATACATACAATTAA(1)AC(6)CTAT(13)CT(1)	25	25	1	STUTTER:28.1x58(3-1)
D1S1656	TTCAGAGAAATAGAATCACTAGGGAACCAAATATATATACATACAATTAA(1)AC(6)CTAT(16)CT(1)	13	13	1	STUTTER:30.9x56(3+1)
D1S1656	TTCAGAGAAATAGAATCACTAGGGAACCAAATATATATACACACAATTAA(1)AC(6)CTAT(15)CT(1)	8	8	1	
D1S1656	TTCAGAGAAATAGAATCACTAGGGAACCAAATATATATACATACAATTAA(1)AC(6)CTAT(11)CAT(1)CTAT(3)CT(1)	6	6	1	STUTTER:6.5x60(3-1)
D6S1043	AGATGGCATATTGTGAAATTTCTCAGCTTCCATAATTGTATGAGCCACTTCCCATAATAAATC(1)CTAT(11)CTGATCTATCAATCTATTGATC(1)	3599	1	3599	
D6S1043	AGATGGCATATTGTGAAATTTCTCAGCTTCCATAATTGTATGAGCCACTTCCCATAATAAATC(1)CTAT(14)CTGATCTATCAATCTATTGATC(1)	2411	1	2411	
D6S1043	Other sequences	563	1	563	
D6S1043	AGATGGCATATTGTGAAATTTCTCAGCTTCCATAATTGTATGAGCCACTTCCCATAATAAATC(1)CTAT(10)CTGATCTATCAATCTATTGATC(1)	312	1	312	STUTTER:539.9x65(2-1)
D6S1043	AGATGGCATATTGTGAAATTTCTCAGCTTCCATAATTGTATGAGCCACTTCCCATAATAAATC(1)CTAT(13)CTGATCTATCAATCTATTGATC(1)	188	1	188	STUTTER:361.6x66(2-1)
D6S1043	AGATGGCATATTGTGAAATTTCTCAGCTTCCATAATTGTATGAGCCACTTCCCATAATAAATC(1)CTAT(15)CTGATCTATCAATCTATTGATC(1)	33	1	33	STUTTER:96.4x66(2+1)
D6S1043	AGATGGCATATTGTGAAATTTCTCAGCTTCCATAATTGTATGAGCCACTTCCCATAATAAATC(1)CTAT(12)CTGATCTATCAATCTATTGATC(1)	32	1	32	STUTTER:144.0x65(2+1):28.2x69(2-1)
D6S1043	AGATGGCATATTGTGAAATTTCTCAGCTTCCATAATTGTATGAGCCACTTCCCATAATAAATC(1)CTAT(9)CTGATCTATCAATCTATTGATC(1)	17	1	17	STUTTER:46.8x68(2-1)
D6S1043	AGATGGCATATTGTGAAATTTCTCAGCTTCCATAATTGTATGATCCACTTCCCATAATAAATC(1)CTAT(14)CTGATCTATCAATCTATTGATC(1)	16	1	16	
D6S1043	AGATGACATATTGTGAAATTTCTCAGCTTCCATAATTGTATGAGCCACTTCCCATAATAAATC(1)CTAT(14)CTGATCTATCAATCTATTGATC(1)	9	1	9	
D6S1043	AGATGCCATATTGTGAAATTTCTCAGCTTCCATAATTGTATGAGCCACTTCCCATAATAAATC(1)CTAT(14)CTGATCTATCAATCTATTGATC(1)	8	1	8	
D6S1043	AGATGGCATATTGTGAAATTTCTCAGCTTCCATAATTGTATGAGTCACTTCCCATAATAAATC(1)CTAT(11)CTGATCTATCAATCTATTGATC(1)	7	1	7	
D6S1043	AGATGACATATTGTGAAATTTCTCAGCTTCCATAATTGTATGAGCCACTTCCCATAATAAATC(1)CTAT(11)CTGATCTATCAATCTATTGATC(1)	7	1	7	
D6S1043	AGATAGCATATTGTGAAATTTCTCAGCTTCCATAATTGTATGAGCCACTTCCCATAATAAATC(1)CTAT(11)CTGATCTATCAATCTATTGATC(1)	6	1	6	
D6S1043	AGATGGTATATTGTGAAATTTCTCAGCTTCCATAATTGTATGAGCCACTTCCCATAATAAATC(1)CTAT(14)CTGATCTATCAATCTATTGATC(1)	5	1	5	
D6S1043	AGATGGCATATTGTGAAATTTCTCAGATTCCATAATTGTATGAGCCACTTCCCATAATAAATC(1)CTAT(14)CTGATCTATCAATCTATTGATC(1)	5	1	5	
D6S1043	AGATGGCATATTGTGAAATTTATCAGCTTCCATAATTGTATGAGCCACTTCCCATAATAAATC(1)CTAT(11)CTGATCTATCAATCTATTGATC(1)	5	1	5	
D6S1043	AGATGGCATATTGTGAAATTCTCAGCTTCCATAATTGTATGAGCCACTTCCCATAATAAATC(1)CTAT(14)CTGATCTATCAATCTATTGATC(1)	5	1	5	
FGA	CCAGCAAA(1)AAAG(2)GAAG(1)AAAG(1)GAAG(2)GAG(1)AAAG(14)AGAAA(1)AAAG(3)AAACTAGCTTGTAAATATGC(1)	5258	5258	5258	
FGA	CCAGCAAA(1)AAAG(2)GAAG(1)AAAG(1)GAAG(2)GAG(1)AAAG(16)AGAAA(1)AAAG(3)AAACTAGCTTGTAAATATGC(1)	3716	3716	3716	
FGA	Other sequences	894	894	894	
FGA	CCAGCAAA(1)AAAG(2)GAAG(1)AAAG(1)GAAG(2)GAG(1)AAAG(15)AGAAA(1)AAAG(3)AAACTAGCTTGTAAATATGC(1)	800	800	800	
FGA	CCAGCAAA(1)AAAG(2)GAAG(1)AAAG(1)GAAG(2)GAG(1)AAAG(13)AGAAA(1)AAAG(3)AAACTAGCTTGTAAATATGC(1)	766	766	766	STUTTER:788.7x83(7-1)
FGA	CCATCAAA(1)AAAG(2)GAAG(1)AAAG(1)GAAG(2)GAG(1)AAAG(14)AGAAA(1)AAAG(3)AAACTAGCTTGTAAATATGC(1)	93	93	93	
FGA	CCAGCAAA(1)AAAG(2)GAAG(1)AAAG(1)GAAG(2)GAG(1)AAAG(12)AGAAA(1)AAAG(3)AAACTAGCTTGTAAATATGC(1)	73	73	73	STUTTER:114.9x87(7-1)
FGA	CCAGCAAA(1)AAAG(2)GAAG(1)AAAG(1)GAAG(2)GAG(1)AAAG(17)AGAAA(1)AAAG(3)AAACTAGCTTGTAAATATGC(1)	71	71	71	STUTTER:148.6x84(7+1)
FGA	CCAGCAA(1)AAAG(2)GAAG(1)AAAG(1)GAAG(2)GAG(1)AAAG(14)AGAAA(1)AAAG(3)AAACTAGCTTGTAAATATGC(1)	15	15	15	
FGA	CCAGCAAA(1)AAAG(2)GAAG(1)AAAG(1)GAAG(2)GAG(1)AAAG(11)AGAAA(1)AAAG(3)AAACTAGCTTGTAAATATGC(1)	14	14	14	
FGA	CCAGCAAA(1)AAAG(2)GAAG(1)AAAG(1)GAAG(2)GAG(1)AAAG(14)AGAAA(1)AAAG(3)AAACTAGCTTGTAAATATAC(1)	11	11	11	
FGA	CCATCAAA(1)AAAG(2)GAAG(1)AAAG(1)GAAG(2)GAG(1)AAAG(13)AGAAA(1)AAAG(3)AAACTAGCTTGTAAATATGC(1)	9	9	9	STUTTER:13.9x88(7-1)
FGA	CTAGCAAA(1)AAAG(2)GAAG(1)AAAG(1)GAAG(2)GAG(1)AAAG(16)AGAAA(1)AAAG(3)AAACTAGCTTGTAAATATGC(1)	8	8	8	
FGA	CCAGCAAA(1)AAAG(2)GAAG(1)AAAG(1)GAAG(2)GAG(1)AAAG(14)AGAAA(1)AAAG(3)AAACTAGCATGTAAATATGC(1)	8	8	8	
FGA	CCAGCAAA(1)AAAG(2)GAAG(1)AAAG(1)GAAG(2)GAG(1)AAAG(14)AGAAA(1)AAAG(3)AAACTAGCTTGTAAATATGT(1)	7	7	7	
FGA	CCAGTAAA(1)AAAG(2)GAAG(1)AAAG(1)GAAG(2)GAG(1)AAAG(14)AGAAA(1)AAAG(3)AAACTAGCTTGTAAATATGC(1)	6	6	6	
FGA	CCAGCGAA(1)AAAG(2)GAAG(1)AAAG(1)GAAG(2)GAG(1)AAAG(14)AGAAA(1)AAAG(3)AAACTAGCTTGTAAATATGC(1)	6	6	6	
FGA	CCAGCAAA(1)AAAG(2)GAAG(1)AAAG(1)GAAG(2)GAG(1)AAAG(14)AGAAA(1)AAAG(3)AAACTAGCTCGTAAATATGC(1)	6	6	6	
FGA	CCAGCAAA(1)AAAG(2)GAAG(1)AAAG(1)GAAG(2)GAG(1)AAAG(16)TGAAA(1)AAAG(3)AAACTAGCTTGTAAATATGC(1)	6	6	6	
FGA	CCAACAAA(1)AAAG(2)GAAG(1)AAAG(1)GAAG(2)GAG(1)AAAG(14)AGAAA(1)AAAG(3)AAACTAGCTTGTAAATATGC(1)	6	6	6	
FGA	CCAGCAAA(1)AAAG(2)GTAG(1)AAAG(1)GAAG(2)GAG(1)AAAG(14)AGAAA(1)AAAG(3)AAACTAGCTTGTAAATATGC(1)	5	5	5	
FGA	CCAGCAAA(1)AAAG(2)GCAG(1)AAAG(1)GAAG(2)GAG(1)AAAG(14)AGAAA(1)AAAG(3)AAACTAGCTTGTAAATATGC(1)	5	5	5	
FGA	CCAGCAAA(1)AAAG(2)GAAG(1)AAAG(1)GCAG(1)GAAG(1)GAG(1)AAAG(14)AGAAA(1)AAAG(3)AAACTAGCTTGTAAATATGC(1)	5	5	5	
FGA	CCAGCAAA(1)AAAG(2)GAAG(1)AAAG(1)GAAG(2)GTG(1)AAAG(16)AGAAA(1)AAAG(3)AAACTAGCTTGTAAATATGC(1)	5	5	5	
FGA	CCAGCAAA(1)AAAG(2)GAAG(1)AAAG(1)GAAG(2)GAG(1)AAAG(13)AGAGAGAAA(1)AAAG(3)AAACTAGCTTGTAAATATGC(1)	5	5	5	
FGA	CCAGCAAA(1)AAAG(2)GAAG(1)AAAG(1)GAAG(2)GAG(1)AAAG(14)AGAAA(1)AAAG(3)AAACTAGCTAGTAAATATGC(1)	5	5	5	
FGA	CCAGCAAA(1)AAAG(2)GAAG(1)AAAG(1)GAAG(2)GAG(1)AAAG(16)AGAAA(1)AAAG(3)AAACTAGCATGTAAATATGC(1)	5	5	5	
FGA	CCAACAAA(1)AAAG(2)GAAG(1)AAAG(1)GAAG(2)GAG(1)AAAG(13)AGAAA(1)AAAG(3)AAACTAGCTTGTAAATATGC(1)	5	5	5	
